Archive member included because of file (symbol)

c:/program files (x86)/atmel/atmel toolchain/avr8 gcc/native/3.4.1061/avr8-gnu-toolchain/bin/../lib/gcc/avr/4.8.1/avr4\libgcc.a(_exit.o)
                              c:/program files (x86)/atmel/atmel toolchain/avr8 gcc/native/3.4.1061/avr8-gnu-toolchain/bin/../lib/gcc/avr/4.8.1/../../../../avr/lib/avr4/crtm8.o (exit)
c:/program files (x86)/atmel/atmel toolchain/avr8 gcc/native/3.4.1061/avr8-gnu-toolchain/bin/../lib/gcc/avr/4.8.1/avr4\libgcc.a(_clear_bss.o)
                              inc/BH_Com.o (__do_clear_bss)

Allocating common symbols
Common symbol       size              file

RxBufferPomocny     0x10              LIC_Slave_02.o
xxx                 0x1               LIC_Slave_02.o
RxBuffrOK           0x1               LIC_Slave_02.o
TxBuffrPtr          0x1               LIC_Slave_02.o
promena             0x10              LIC_Slave_02.o
Rxj                 0x1               LIC_Slave_02.o
I2C_RecBuffer       0x10              LIC_Slave_02.o
TxBuffer            0x10              LIC_Slave_02.o
RxBuffrRxPtr        0x1               LIC_Slave_02.o
TxBuffrRadek        0x1               LIC_Slave_02.o

Discarded input sections

 .data          0x00000000        0x0 c:/program files (x86)/atmel/atmel toolchain/avr8 gcc/native/3.4.1061/avr8-gnu-toolchain/bin/../lib/gcc/avr/4.8.1/../../../../avr/lib/avr4/crtm8.o
 .bss           0x00000000        0x0 c:/program files (x86)/atmel/atmel toolchain/avr8 gcc/native/3.4.1061/avr8-gnu-toolchain/bin/../lib/gcc/avr/4.8.1/../../../../avr/lib/avr4/crtm8.o
 .text          0x00000000        0x0 inc/BH_Com.o
 .data          0x00000000        0x0 inc/BH_Com.o
 .bss           0x00000000        0x0 inc/BH_Com.o
 .text          0x00000000        0x0 inc/Buffer.o
 .data          0x00000000        0x0 inc/Buffer.o
 .bss           0x00000000        0x0 inc/Buffer.o
 .debug_line    0x00000000        0x0 inc/Buffer.o
 .debug_str     0x00000000        0x0 inc/Buffer.o
 .comment       0x00000000       0x31 inc/Buffer.o
 .text          0x00000000        0x0 inc/RS232.o
 .data          0x00000000        0x0 inc/RS232.o
 .bss           0x00000000        0x0 inc/RS232.o
 .text.RS232_Receive_Char
                0x00000000        0x8 inc/RS232.o
 .text.RS232_Receive_String
                0x00000000        0xe inc/RS232.o
 .text.RS232_Transmit_String
                0x00000000       0x1c inc/RS232.o
 .text.RS232_Transmit_String_CR
                0x00000000       0x20 inc/RS232.o
 .text          0x00000000        0x0 LIC_Slave_02.o
 .data          0x00000000        0x0 LIC_Slave_02.o
 .bss           0x00000000        0x0 LIC_Slave_02.o
 .text.HB_LED_RXC
                0x00000000        0xa LIC_Slave_02.o
 .text.Text_to_Buffer
                0x00000000       0x16 LIC_Slave_02.o
 .text.Null_Buffer
                0x00000000        0x6 LIC_Slave_02.o
 .bss.i         0x00000000        0x2 LIC_Slave_02.o
 .bss.Seq_Counter
                0x00000000        0x1 LIC_Slave_02.o
 .text          0x00000000        0x0 c:/program files (x86)/atmel/atmel toolchain/avr8 gcc/native/3.4.1061/avr8-gnu-toolchain/bin/../lib/gcc/avr/4.8.1/avr4\libgcc.a(_exit.o)
 .data          0x00000000        0x0 c:/program files (x86)/atmel/atmel toolchain/avr8 gcc/native/3.4.1061/avr8-gnu-toolchain/bin/../lib/gcc/avr/4.8.1/avr4\libgcc.a(_exit.o)
 .bss           0x00000000        0x0 c:/program files (x86)/atmel/atmel toolchain/avr8 gcc/native/3.4.1061/avr8-gnu-toolchain/bin/../lib/gcc/avr/4.8.1/avr4\libgcc.a(_exit.o)
 .text.libgcc.mul
                0x00000000        0x0 c:/program files (x86)/atmel/atmel toolchain/avr8 gcc/native/3.4.1061/avr8-gnu-toolchain/bin/../lib/gcc/avr/4.8.1/avr4\libgcc.a(_exit.o)
 .text.libgcc.div
                0x00000000        0x0 c:/program files (x86)/atmel/atmel toolchain/avr8 gcc/native/3.4.1061/avr8-gnu-toolchain/bin/../lib/gcc/avr/4.8.1/avr4\libgcc.a(_exit.o)
 .text.libgcc   0x00000000        0x0 c:/program files (x86)/atmel/atmel toolchain/avr8 gcc/native/3.4.1061/avr8-gnu-toolchain/bin/../lib/gcc/avr/4.8.1/avr4\libgcc.a(_exit.o)
 .text.libgcc.prologue
                0x00000000        0x0 c:/program files (x86)/atmel/atmel toolchain/avr8 gcc/native/3.4.1061/avr8-gnu-toolchain/bin/../lib/gcc/avr/4.8.1/avr4\libgcc.a(_exit.o)
 .text.libgcc.builtins
                0x00000000        0x0 c:/program files (x86)/atmel/atmel toolchain/avr8 gcc/native/3.4.1061/avr8-gnu-toolchain/bin/../lib/gcc/avr/4.8.1/avr4\libgcc.a(_exit.o)
 .text.libgcc.fmul
                0x00000000        0x0 c:/program files (x86)/atmel/atmel toolchain/avr8 gcc/native/3.4.1061/avr8-gnu-toolchain/bin/../lib/gcc/avr/4.8.1/avr4\libgcc.a(_exit.o)
 .text.libgcc.fixed
                0x00000000        0x0 c:/program files (x86)/atmel/atmel toolchain/avr8 gcc/native/3.4.1061/avr8-gnu-toolchain/bin/../lib/gcc/avr/4.8.1/avr4\libgcc.a(_exit.o)
 .text          0x00000000        0x0 c:/program files (x86)/atmel/atmel toolchain/avr8 gcc/native/3.4.1061/avr8-gnu-toolchain/bin/../lib/gcc/avr/4.8.1/avr4\libgcc.a(_clear_bss.o)
 .data          0x00000000        0x0 c:/program files (x86)/atmel/atmel toolchain/avr8 gcc/native/3.4.1061/avr8-gnu-toolchain/bin/../lib/gcc/avr/4.8.1/avr4\libgcc.a(_clear_bss.o)
 .bss           0x00000000        0x0 c:/program files (x86)/atmel/atmel toolchain/avr8 gcc/native/3.4.1061/avr8-gnu-toolchain/bin/../lib/gcc/avr/4.8.1/avr4\libgcc.a(_clear_bss.o)
 .text.libgcc.mul
                0x00000000        0x0 c:/program files (x86)/atmel/atmel toolchain/avr8 gcc/native/3.4.1061/avr8-gnu-toolchain/bin/../lib/gcc/avr/4.8.1/avr4\libgcc.a(_clear_bss.o)
 .text.libgcc.div
                0x00000000        0x0 c:/program files (x86)/atmel/atmel toolchain/avr8 gcc/native/3.4.1061/avr8-gnu-toolchain/bin/../lib/gcc/avr/4.8.1/avr4\libgcc.a(_clear_bss.o)
 .text.libgcc   0x00000000        0x0 c:/program files (x86)/atmel/atmel toolchain/avr8 gcc/native/3.4.1061/avr8-gnu-toolchain/bin/../lib/gcc/avr/4.8.1/avr4\libgcc.a(_clear_bss.o)
 .text.libgcc.prologue
                0x00000000        0x0 c:/program files (x86)/atmel/atmel toolchain/avr8 gcc/native/3.4.1061/avr8-gnu-toolchain/bin/../lib/gcc/avr/4.8.1/avr4\libgcc.a(_clear_bss.o)
 .text.libgcc.builtins
                0x00000000        0x0 c:/program files (x86)/atmel/atmel toolchain/avr8 gcc/native/3.4.1061/avr8-gnu-toolchain/bin/../lib/gcc/avr/4.8.1/avr4\libgcc.a(_clear_bss.o)
 .text.libgcc.fmul
                0x00000000        0x0 c:/program files (x86)/atmel/atmel toolchain/avr8 gcc/native/3.4.1061/avr8-gnu-toolchain/bin/../lib/gcc/avr/4.8.1/avr4\libgcc.a(_clear_bss.o)
 .text.libgcc.fixed
                0x00000000        0x0 c:/program files (x86)/atmel/atmel toolchain/avr8 gcc/native/3.4.1061/avr8-gnu-toolchain/bin/../lib/gcc/avr/4.8.1/avr4\libgcc.a(_clear_bss.o)

Memory Configuration

Name             Origin             Length             Attributes
text             0x00000000         0x00002000         xr
data             0x00800060         0x0000ffa0         rw !x
eeprom           0x00810000         0x00010000         rw !x
fuse             0x00820000         0x00000400         rw !x
lock             0x00830000         0x00000400         rw !x
signature        0x00840000         0x00000400         rw !x
user_signatures  0x00850000         0x00000400         rw !x
*default*        0x00000000         0xffffffff

Linker script and memory map

LOAD c:/program files (x86)/atmel/atmel toolchain/avr8 gcc/native/3.4.1061/avr8-gnu-toolchain/bin/../lib/gcc/avr/4.8.1/../../../../avr/lib/avr4/crtm8.o
LOAD inc/BH_Com.o
LOAD inc/Buffer.o
LOAD inc/RS232.o
LOAD LIC_Slave_02.o
START GROUP
LOAD c:/program files (x86)/atmel/atmel toolchain/avr8 gcc/native/3.4.1061/avr8-gnu-toolchain/bin/../lib/gcc/avr/4.8.1/../../../../avr/lib/avr4\libm.a
END GROUP
START GROUP
LOAD c:/program files (x86)/atmel/atmel toolchain/avr8 gcc/native/3.4.1061/avr8-gnu-toolchain/bin/../lib/gcc/avr/4.8.1/avr4\libgcc.a
LOAD c:/program files (x86)/atmel/atmel toolchain/avr8 gcc/native/3.4.1061/avr8-gnu-toolchain/bin/../lib/gcc/avr/4.8.1/../../../../avr/lib/avr4\libm.a
LOAD c:/program files (x86)/atmel/atmel toolchain/avr8 gcc/native/3.4.1061/avr8-gnu-toolchain/bin/../lib/gcc/avr/4.8.1/../../../../avr/lib/avr4\libc.a
END GROUP

.hash
 *(.hash)

.dynsym
 *(.dynsym)

.dynstr
 *(.dynstr)

.gnu.version
 *(.gnu.version)

.gnu.version_d
 *(.gnu.version_d)

.gnu.version_r
 *(.gnu.version_r)

.rel.init
 *(.rel.init)

.rela.init
 *(.rela.init)

.rel.text
 *(.rel.text)
 *(.rel.text.*)
 *(.rel.gnu.linkonce.t*)

.rela.text
 *(.rela.text)
 *(.rela.text.*)
 *(.rela.gnu.linkonce.t*)

.rel.fini
 *(.rel.fini)

.rela.fini
 *(.rela.fini)

.rel.rodata
 *(.rel.rodata)
 *(.rel.rodata.*)
 *(.rel.gnu.linkonce.r*)

.rela.rodata
 *(.rela.rodata)
 *(.rela.rodata.*)
 *(.rela.gnu.linkonce.r*)

.rel.data
 *(.rel.data)
 *(.rel.data.*)
 *(.rel.gnu.linkonce.d*)

.rela.data
 *(.rela.data)
 *(.rela.data.*)
 *(.rela.gnu.linkonce.d*)

.rel.ctors
 *(.rel.ctors)

.rela.ctors
 *(.rela.ctors)

.rel.dtors
 *(.rel.dtors)

.rela.dtors
 *(.rela.dtors)

.rel.got
 *(.rel.got)

.rela.got
 *(.rela.got)

.rel.bss
 *(.rel.bss)

.rela.bss
 *(.rela.bss)

.rel.plt
 *(.rel.plt)

.rela.plt
 *(.rela.plt)

.text           0x00000000      0x42a
 *(.vectors)
 .vectors       0x00000000       0x26 c:/program files (x86)/atmel/atmel toolchain/avr8 gcc/native/3.4.1061/avr8-gnu-toolchain/bin/../lib/gcc/avr/4.8.1/../../../../avr/lib/avr4/crtm8.o
                0x00000000                __vector_default
                0x00000000                __vectors
 *(.vectors)
 *(.progmem.gcc*)
                0x00000026                . = ALIGN (0x2)
                0x00000026                __trampolines_start = .
 *(.trampolines)
 .trampolines   0x00000026        0x0 linker stubs
 *(.trampolines*)
                0x00000026                __trampolines_end = .
 *(.progmem*)
                0x00000026                . = ALIGN (0x2)
 *(.jumptables)
 *(.jumptables*)
 *(.lowtext)
 *(.lowtext*)
                0x00000026                __ctors_start = .
 *(.ctors)
                0x00000026                __ctors_end = .
                0x00000026                __dtors_start = .
 *(.dtors)
                0x00000026                __dtors_end = .
 SORT(*)(.ctors)
 SORT(*)(.dtors)
 *(.init0)
 .init0         0x00000026        0x0 c:/program files (x86)/atmel/atmel toolchain/avr8 gcc/native/3.4.1061/avr8-gnu-toolchain/bin/../lib/gcc/avr/4.8.1/../../../../avr/lib/avr4/crtm8.o
                0x00000026                __init
 *(.init0)
 *(.init1)
 *(.init1)
 *(.init2)
 .init2         0x00000026        0xc c:/program files (x86)/atmel/atmel toolchain/avr8 gcc/native/3.4.1061/avr8-gnu-toolchain/bin/../lib/gcc/avr/4.8.1/../../../../avr/lib/avr4/crtm8.o
 *(.init2)
 *(.init3)
 *(.init3)
 *(.init4)
 .init4         0x00000032       0x10 c:/program files (x86)/atmel/atmel toolchain/avr8 gcc/native/3.4.1061/avr8-gnu-toolchain/bin/../lib/gcc/avr/4.8.1/avr4\libgcc.a(_clear_bss.o)
                0x00000032                __do_clear_bss
 *(.init4)
 *(.init5)
 *(.init5)
 *(.init6)
 *(.init6)
 *(.init7)
 *(.init7)
 *(.init8)
 *(.init8)
 *(.init9)
 .init9         0x00000042        0x4 c:/program files (x86)/atmel/atmel toolchain/avr8 gcc/native/3.4.1061/avr8-gnu-toolchain/bin/../lib/gcc/avr/4.8.1/../../../../avr/lib/avr4/crtm8.o
 *(.init9)
 *(.text)
 .text          0x00000046        0x2 c:/program files (x86)/atmel/atmel toolchain/avr8 gcc/native/3.4.1061/avr8-gnu-toolchain/bin/../lib/gcc/avr/4.8.1/../../../../avr/lib/avr4/crtm8.o
                0x00000046                __vector_1
                0x00000046                __vector_12
                0x00000046                __bad_interrupt
                0x00000046                __vector_6
                0x00000046                __vector_3
                0x00000046                __vector_13
                0x00000046                __vector_7
                0x00000046                __vector_5
                0x00000046                __vector_4
                0x00000046                __vector_9
                0x00000046                __vector_2
                0x00000046                __vector_15
                0x00000046                __vector_8
                0x00000046                __vector_14
                0x00000046                __vector_10
                0x00000046                __vector_16
                0x00000046                __vector_18
                0x00000048                . = ALIGN (0x2)
 *(.text.*)
 .text.BH_Measure
                0x00000048       0x56 inc/BH_Com.o
                0x00000048                BH_Measure
 .text.BH_Setpoint
                0x0000009e       0x52 inc/BH_Com.o
                0x0000009e                BH_Setpoint
 .text.BH_SetFullOpen
                0x000000f0       0x4e inc/BH_Com.o
                0x000000f0                BH_SetFullOpen
 .text.BH_SetFullClose
                0x0000013e       0x4e inc/BH_Com.o
                0x0000013e                BH_SetFullClose
 .text.RS232_Init
                0x0000018c        0xe inc/RS232.o
                0x0000018c                RS232_Init
 .text.RS232_Transmit_Char
                0x0000019a        0x8 inc/RS232.o
                0x0000019a                RS232_Transmit_Char
 .text.RS232_Transmit_String_Buffer
                0x000001a2       0x28 inc/RS232.o
                0x000001a2                RS232_Transmit_String_Buffer
 .text.__vector_11
                0x000001ca       0x8c LIC_Slave_02.o
                0x000001ca                __vector_11
 .text.Null_I2C_Buffer
                0x00000256       0x16 LIC_Slave_02.o
                0x00000256                Null_I2C_Buffer
 .text.I2C_Init
                0x0000026c       0x1a LIC_Slave_02.o
                0x0000026c                I2C_Init
 .text.main     0x00000286       0x86 LIC_Slave_02.o
                0x00000286                main
 .text.handleI2C
                0x0000030c       0xce LIC_Slave_02.o
                0x0000030c                handleI2C
 .text.__vector_17
                0x000003da       0x4c LIC_Slave_02.o
                0x000003da                __vector_17
                0x00000426                . = ALIGN (0x2)
 *(.fini9)
 .fini9         0x00000426        0x0 c:/program files (x86)/atmel/atmel toolchain/avr8 gcc/native/3.4.1061/avr8-gnu-toolchain/bin/../lib/gcc/avr/4.8.1/avr4\libgcc.a(_exit.o)
                0x00000426                _exit
                0x00000426                exit
 *(.fini9)
 *(.fini8)
 *(.fini8)
 *(.fini7)
 *(.fini7)
 *(.fini6)
 *(.fini6)
 *(.fini5)
 *(.fini5)
 *(.fini4)
 *(.fini4)
 *(.fini3)
 *(.fini3)
 *(.fini2)
 *(.fini2)
 *(.fini1)
 *(.fini1)
 *(.fini0)
 .fini0         0x00000426        0x4 c:/program files (x86)/atmel/atmel toolchain/avr8 gcc/native/3.4.1061/avr8-gnu-toolchain/bin/../lib/gcc/avr/4.8.1/avr4\libgcc.a(_exit.o)
 *(.fini0)
                0x0000042a                _etext = .

.data           0x00800060        0x0 load address 0x0000042a
                0x00800060                PROVIDE (__data_start, .)
 *(.data)
 *(.data*)
 *(.rodata)
 *(.rodata*)
 *(.gnu.linkonce.d*)
                0x00800060                . = ALIGN (0x2)
                0x00800060                _edata = .
                0x00800060                PROVIDE (__data_end, .)

.bss            0x00800060       0x99
                0x00800060                PROVIDE (__bss_start, .)
 *(.bss)
 *(.bss*)
 .bss.Vystup.1635
                0x00800060        0xb inc/BH_Com.o
 .bss.Vystup.1631
                0x0080006b        0xb inc/BH_Com.o
 .bss.Vystup.1627
                0x00800076        0xc inc/BH_Com.o
 .bss.Vystup.1622
                0x00800082        0xc inc/BH_Com.o
 .bss.Sequencni_Cislo
                0x0080008e        0x1 inc/BH_Com.o
                0x0080008e                Sequencni_Cislo
 .bss.reset     0x0080008f        0x1 LIC_Slave_02.o
                0x0080008f                reset
 .bss.I2C_TranBuffer
                0x00800090       0x10 LIC_Slave_02.o
                0x00800090                I2C_TranBuffer
 .bss.t_index   0x008000a0        0x1 LIC_Slave_02.o
                0x008000a0                t_index
 .bss.r_index   0x008000a1        0x1 LIC_Slave_02.o
                0x008000a1                r_index
 .bss.Odpocet_Delky
                0x008000a2        0x1 LIC_Slave_02.o
                0x008000a2                Odpocet_Delky
 .bss.RxBuffer  0x008000a3       0x10 LIC_Slave_02.o
                0x008000a3                RxBuffer
 *(COMMON)
 COMMON         0x008000b3       0x46 LIC_Slave_02.o
                0x008000b3                RxBufferPomocny
                0x008000c3                xxx
                0x008000c4                RxBuffrOK
                0x008000c5                TxBuffrPtr
                0x008000c6                promena
                0x008000d6                Rxj
                0x008000d7                I2C_RecBuffer
                0x008000e7                TxBuffer
                0x008000f7                RxBuffrRxPtr
                0x008000f8                TxBuffrRadek
                0x008000f9                PROVIDE (__bss_end, .)
                0x0000042a                __data_load_start = LOADADDR (.data)
                0x0000042a                __data_load_end = (__data_load_start + SIZEOF (.data))

.noinit         0x008000f9        0x0
                0x008000f9                PROVIDE (__noinit_start, .)
 *(.noinit*)
                0x008000f9                PROVIDE (__noinit_end, .)
                0x008000f9                _end = .
                0x008000f9                PROVIDE (__heap_start, .)

.eeprom         0x00810000        0x0
 *(.eeprom*)
                0x00810000                __eeprom_end = .

.fuse
 *(.fuse)
 *(.lfuse)
 *(.hfuse)
 *(.efuse)

.lock
 *(.lock*)

.signature
 *(.signature*)

.user_signatures
 *(.user_signatures*)

.stab
 *(.stab)

.stabstr
 *(.stabstr)

.stab.excl
 *(.stab.excl)

.stab.exclstr
 *(.stab.exclstr)

.stab.index
 *(.stab.index)

.stab.indexstr
 *(.stab.indexstr)

.comment        0x00000000       0x30
 *(.comment)
 .comment       0x00000000       0x30 inc/BH_Com.o
                                 0x31 (size before relaxing)
 .comment       0x00000000       0x31 inc/RS232.o
 .comment       0x00000000       0x31 LIC_Slave_02.o

.note.gnu.build-id
 *(.note.gnu.build-id)

.debug
 *(.debug)

.line
 *(.line)

.debug_srcinfo
 *(.debug_srcinfo)

.debug_sfnames
 *(.debug_sfnames)

.debug_aranges  0x00000000       0xe8
 *(.debug_aranges)
 .debug_aranges
                0x00000000       0x38 inc/BH_Com.o
 .debug_aranges
                0x00000038       0x50 inc/RS232.o
 .debug_aranges
                0x00000088       0x60 LIC_Slave_02.o

.debug_pubnames
 *(.debug_pubnames)

.debug_info     0x00000000      0x853
 *(.debug_info .gnu.linkonce.wi.*)
 .debug_info    0x00000000      0x227 inc/BH_Com.o
 .debug_info    0x00000227      0x214 inc/RS232.o
 .debug_info    0x0000043b      0x418 LIC_Slave_02.o

.debug_abbrev   0x00000000      0x3fe
 *(.debug_abbrev)
 .debug_abbrev  0x00000000       0xc1 inc/BH_Com.o
 .debug_abbrev  0x000000c1      0x127 inc/RS232.o
 .debug_abbrev  0x000001e8      0x216 LIC_Slave_02.o

.debug_line     0x00000000      0x40b
 *(.debug_line .debug_line.* .debug_line_end)
 .debug_line    0x00000000       0xac inc/BH_Com.o
 .debug_line    0x000000ac      0x132 inc/RS232.o
 .debug_line    0x000001de      0x22d LIC_Slave_02.o

.debug_frame    0x00000000      0x210
 *(.debug_frame)
 .debug_frame   0x00000000       0x54 inc/BH_Com.o
 .debug_frame   0x00000054       0xb0 inc/RS232.o
 .debug_frame   0x00000104      0x10c LIC_Slave_02.o

.debug_str      0x00000000      0x3f5
 *(.debug_str)
 .debug_str     0x00000000      0x196 inc/BH_Com.o
                                0x1cf (size before relaxing)
 .debug_str     0x00000196       0xaa inc/RS232.o
                                0x21a (size before relaxing)
 .debug_str     0x00000240      0x1b5 LIC_Slave_02.o
                                0x30c (size before relaxing)

.debug_loc      0x00000000      0x3a9
 *(.debug_loc)
 .debug_loc     0x00000000       0x60 inc/BH_Com.o
 .debug_loc     0x00000060      0x1f4 inc/RS232.o
 .debug_loc     0x00000254      0x155 LIC_Slave_02.o

.debug_macinfo
 *(.debug_macinfo)

.debug_weaknames
 *(.debug_weaknames)

.debug_funcnames
 *(.debug_funcnames)

.debug_typenames
 *(.debug_typenames)

.debug_varnames
 *(.debug_varnames)

.debug_pubtypes
 *(.debug_pubtypes)

.debug_ranges   0x00000000       0xb8
 *(.debug_ranges)
 .debug_ranges  0x00000000       0x28 inc/BH_Com.o
 .debug_ranges  0x00000028       0x40 inc/RS232.o
 .debug_ranges  0x00000068       0x50 LIC_Slave_02.o

.debug_macro
 *(.debug_macro)
OUTPUT(LIC_Slave_02.elf elf32-avr)
LOAD linker stubs
